Info: Starting: Create block symbol file (.bsf)
Info: qsys-generate C:\intelFPGA_lite\17.1\quartus\MyDev\fft_atan2_v1\FFT_Burst_16x1024_v1.qsys --block-symbol-file --output-directory=C:\intelFPGA_lite\17.1\quartus\MyDev\fft_atan2_v1\FFT_Burst_16x1024_v1 --family="Cyclone V" --part=5CGXFC7C7F23C8
Progress: Loading fft_atan2_v1/FFT_Burst_16x1024_v1.qsys
Progress: Reading input file
Progress: Adding fft_ii_0 [altera_fft_ii 17.1]
Progress: Parameterizing module fft_ii_0
Progress: Building connections
Progress: Parameterizing connections
Progress: Validating
Progress: Done reading input file
Info: FFT_Burst_16x1024_v1.fft_ii_0: Radix-2 digit reverse implied
Info: qsys-generate succeeded.
Info: Finished: Create block symbol file (.bsf)
Info: 
Info: Starting: Create HDL design files for synthesis
Info: qsys-generate C:\intelFPGA_lite\17.1\quartus\MyDev\fft_atan2_v1\FFT_Burst_16x1024_v1.qsys --synthesis=VERILOG --output-directory=C:\intelFPGA_lite\17.1\quartus\MyDev\fft_atan2_v1\FFT_Burst_16x1024_v1\synthesis --family="Cyclone V" --part=5CGXFC7C7F23C8
Progress: Loading fft_atan2_v1/FFT_Burst_16x1024_v1.qsys
Progress: Reading input file
Progress: Adding fft_ii_0 [altera_fft_ii 17.1]
Progress: Parameterizing module fft_ii_0
Progress: Building connections
Progress: Parameterizing connections
Progress: Validating
Progress: Done reading input file
Info: FFT_Burst_16x1024_v1.fft_ii_0: Radix-2 digit reverse implied
Info: FFT_Burst_16x1024_v1: Generating FFT_Burst_16x1024_v1 "FFT_Burst_16x1024_v1" for QUARTUS_SYNTH
Info: fft_ii_0: --- add file: FFT_Burst_16x1024_v1_fft_ii_0_2n1024sin.hex
Info: fft_ii_0: --- add file: FFT_Burst_16x1024_v1_fft_ii_0_3n1024cos.hex
Info: fft_ii_0: --- add file: FFT_Burst_16x1024_v1_fft_ii_0_3n1024sin.hex
Info: fft_ii_0: --- add file: FFT_Burst_16x1024_v1_fft_ii_0_1n1024cos.hex
Info: fft_ii_0: --- add file: FFT_Burst_16x1024_v1_fft_ii_0_1n1024sin.hex
Info: fft_ii_0: --- add file: FFT_Burst_16x1024_v1_fft_ii_0_2n1024cos.hex
Info: fft_ii_0: "FFT_Burst_16x1024_v1" instantiated altera_fft_ii "fft_ii_0"
Info: FFT_Burst_16x1024_v1: Done "FFT_Burst_16x1024_v1" with 2 modules, 108 files
Info: qsys-generate succeeded.
Info: Finished: Create HDL design files for synthesis
